// Jest Snapshot v1, https://goo.gl/fbAQLP

exports[`lib > Counter renders without crashing 1`] = `
<DocumentFragment>
  <div
    class="mx-6 my-9 box-border w-60 border border-slate-300 p-6"
  >
    <h2
      class="mb-3 font-sans text-2xl font-normal"
    >
      Counter
    </h2>
    <button
      class="relative mx-auto mb-3 block rounded-md bg-teal-500 px-6 py-3 text-center text-white hover:bg-violet-600 active:left-px active:top-px"
      type="button"
    >
      Increment by one
    </button>
    <div>
      Total value: 
      <strong>
        6
      </strong>
    </div>
  </div>
</DocumentFragment>
`;
